// Jest Snapshot v1, https://goo.gl/fbAQLP

exports[`Display the categories list Renders correctly every categories from the API 1`] = `
<ul
  className="categories"
>
  Loading...
</ul>
`;
